// Jest Snapshot v1, https://goo.gl/fbAQLP

exports[`EmptySection.vue renders correctly 1`] = `
<div
  class="emptySection"
>
  <el-row-stub
    align="top"
    justify="start"
    tag="div"
  >
    <el-col-stub
      span="24"
      tag="div"
    >
      <div
        class="icon"
      >
        <img
          src="@/assets/businessman.png"
        />
      </div>
    </el-col-stub>
  </el-row-stub>
   
  <el-row-stub
    align="top"
    justify="start"
    tag="div"
  >
    <el-col-stub
      span="24"
      tag="div"
    >
      <p>
        <i>
           No section found. Want to visualise data? 
        </i>
      </p>
       
      <p>
        
                Let's get started by adding a new section on the right side of the panel.
            
      </p>
    </el-col-stub>
  </el-row-stub>
</div>
`;
