// Jest Snapshot v1, https://goo.gl/fbAQLP

exports[`EmptyPresentation.vue renders correctly 1`] = `
<div
  class="emptySection"
>
  <el-row-stub
    align="top"
    justify="start"
    tag="div"
  >
    <el-col-stub
      span="24"
      tag="div"
    >
      <div
        class="icon"
      >
        <img
          src="@/assets/businessman.png"
        />
      </div>
    </el-col-stub>
  </el-row-stub>
   
  <el-row-stub
    align="top"
    justify="start"
    tag="div"
  >
    <el-col-stub
      span="24"
      tag="div"
    >
      <p>
        <i>
           No presentation found. Want to generate presentation for a conference? 
        </i>
      </p>
       
      <p>
        
                Let's get started by adding a new presentation.
            
      </p>
       
      <el-button-stub
        icon="el-icon-plus"
        nativetype="button"
        type="primary"
      >
        Add New Presentation
      </el-button-stub>
    </el-col-stub>
  </el-row-stub>
</div>
`;
