// Jest Snapshot v1, https://goo.gl/fbAQLP

exports[`Home.vue renders correctly 1`] = `
<div>
  <bannerdetail-stub />
   
  <featurelistdetail-stub />
</div>
`;
